07:45:23 **** Incremental Build of configuration Debug for project ARMRacingGame ****
make pre-build main-build 
a9-linaro-pre-build-step
' '
'Building file: ../src/asm.s'
'Invoking: ARM v7 gcc assembler'
arm-none-eabi-gcc -c -g3 -o"src/asm.o" "../src/asm.s"
'Finished building: ../src/asm.s'
' '
'Building target: ARMRacingGame.elf'
'Invoking: ARM v7 gcc linker'
arm-none-eabi-gcc -mcpu=cortex-a9 -mfpu=vfpv3 -mfloat-abi=hard -Wl,-build-id=none -specs=Xilinx.spec -Wl,-T -Wl,../src/lscript.ld -L../../standalone_bsp_0/ps7_cortexa9_0/lib -o "ARMRacingGame.elf"  ./src/asm.o ./src/display.o ./src/main.o   -Wl,--start-group,-lxil,-lgcc,-lc,--end-group
'Finished building target: ARMRacingGame.elf'
' '
'Invoking: ARM v7 Print Size'
arm-none-eabi-size ARMRacingGame.elf  |tee "ARMRacingGame.elf.size"
   text	   data	    bss	    dec	    hex	filename
  20668	   1448	  22580	  44696	   ae98	ARMRacingGame.elf
'Finished building: ARMRacingGame.elf.size'
' '

07:45:29 Build Finished (took 6s.401ms)

