05:49:58 **** Build of configuration Debug for project Lab4 ****
make pre-build main-build 
a9-linaro-pre-build-step
' '
'Building file: ../src/asm.s'
'Invoking: ARM v7 gcc assembler'
arm-none-eabi-gcc -c -g3 -o"src/asm.o" "../src/asm.s"
'Finished building: ../src/asm.s'
' '
'Building file: ../src/main.c'
'Invoking: ARM v7 gcc compiler'
arm-none-eabi-gcc -Wall -O0 -g3 -c -fmessage-length=0 -MT"src/main.o" -mcpu=cortex-a9 -mfpu=vfpv3 -mfloat-abi=hard -I../../standalone_bsp_0/ps7_cortexa9_0/include -MMD -MP -MF"src/main.d" -MT"src/main.o" -o "src/main.o" "../src/main.c"
'Finished building: ../src/main.c'
' '
'Building target: Lab4.elf'
'Invoking: ARM v7 gcc linker'
arm-none-eabi-gcc -mcpu=cortex-a9 -mfpu=vfpv3 -mfloat-abi=hard -Wl,-build-id=none -specs=Xilinx.spec -Wl,-T -Wl,../src/lscript.ld -L../../standalone_bsp_0/ps7_cortexa9_0/lib -o "Lab4.elf"  ./src/asm.o ./src/main.o   -Wl,--start-group,-lxil,-lgcc,-lc,--end-group
'Finished building target: Lab4.elf'
' '
'Invoking: ARM v7 Print Size'
arm-none-eabi-size Lab4.elf  |tee "Lab4.elf.size"
   text	   data	    bss	    dec	    hex	filename
  19524	   1152	  22580	  43256	   a8f8	Lab4.elf
'Finished building: Lab4.elf.size'
' '

05:50:00 Build Finished (took 2s.91ms)

