05:50:01 **** Build of configuration Debug for project Lab5 ****
make pre-build main-build 
a9-linaro-pre-build-step
' '
'Building file: ../src/asm.s'
'Invoking: ARM v7 gcc assembler'
arm-none-eabi-gcc -c -g3 -o"src/asm.o" "../src/asm.s"
'Finished building: ../src/asm.s'
' '
'Building file: ../src/fibonacci.s'
'Invoking: ARM v7 gcc assembler'
arm-none-eabi-gcc -c -g3 -o"src/fibonacci.o" "../src/fibonacci.s"
'Finished building: ../src/fibonacci.s'
' '
'Building file: ../src/main.c'
'Invoking: ARM v7 gcc compiler'
arm-none-eabi-gcc -Wall -O0 -g3 -c -fmessage-length=0 -MT"src/main.o" -mcpu=cortex-a9 -mfpu=vfpv3 -mfloat-abi=hard -I../../standalone_bsp_0/ps7_cortexa9_0/include -MMD -MP -MF"src/main.d" -MT"src/main.o" -o "src/main.o" "../src/main.c"
'Finished building: ../src/main.c'
' '
'Building target: Lab5.elf'
'Invoking: ARM v7 gcc linker'
arm-none-eabi-gcc -mcpu=cortex-a9 -mfpu=vfpv3 -mfloat-abi=hard -Wl,-build-id=none -specs=Xilinx.spec -Wl,-T -Wl,../src/lscript.ld -L../../standalone_bsp_0/ps7_cortexa9_0/lib -o "Lab5.elf"  ./src/asm.o ./src/fibonacci.o ./src/main.o   -Wl,--start-group,-lxil,-lgcc,-lc,--end-group
'Finished building target: Lab5.elf'
' '
'Invoking: ARM v7 Print Size'
arm-none-eabi-size Lab5.elf  |tee "Lab5.elf.size"
   text	   data	    bss	    dec	    hex	filename
  23464	   6872	  22596	  52932	   cec4	Lab5.elf
'Finished building: Lab5.elf.size'
' '

05:50:05 Build Finished (took 4s.515ms)

